---
layout: post
title: 硬盘分区和挂载
date: 2025-05-13 21:38 +0800
media_subpath: "/../assets/img/pic"
image: "../head/2.jpg"
description: Linux硬盘分区和挂载
categories: [操作系统,Linux]
tags:
- Linux
- 硬盘分区
- 挂载
toc: true
comments: false
math: true
mermaid: true
hidden: false
pin: true
---


## 为什么硬盘要进行分区

### 多系统兼容
单块硬盘可以安装window(NTFS)和Linux(ext4)等多个操作系统，
每一个硬盘分区可以供一个操作系统独立使用，
多系统启动时，GRUB引导程序会帮助根据分区选择启动的操作系统。

### 分区管理
1. 权限控制
不同分区可设置不同的访问权限，如只读挂载 /boot 防止恶意篡改内核
2. 数据分类
系统文件（/）、用户数据（/home）和日志（/var）分开存储，各分区功能区分明显

### 备份恢复
1. 故障隔离
文件系统损坏时（如 / 崩溃），/home 的数据可能完好无损
2. 备份和恢复
进行分区后，可以单独备份某个分区如`/home`的数据，避免全盘备份的麻烦。

### 性能优化  
通过隔离高频I/O操作到独立分区，减少资源竞争，提升磁盘响应速度。
即物理隔离和针对性配置，降低I/O冲突，使磁盘操作效率最大化。
* 数据库服务
问题：数据库持续写入数据，若与系统日志共享分区，磁盘磁头频繁移动，导致延迟
解决方案：单独创建 /var/lib/mysql 分区，使用 XFS 文件系统 + noatime 挂载选项
效果：减少磁头移动，写入吞吐量提升 30%

* 视频编辑
问题：大文件连续读写时，若与系统共用分区，小文件操作（如软件更新）中断连续流
解决方案：单独创建 /scratch 分区，使用 Btrfs + compress=zstd
效果：视频渲染时间缩短 20%

* 嵌入式设备
问题：SD卡频繁写入日志导致寿命缩短
解决方案：将 /tmp 挂载为 tmpfs（内存盘），禁止写入物理存储
效果：延长 SD 卡使用寿命

### 特别强制要求
1. UEFI启动要求  
必须设定`FAT32`格式的`ESP(/boot/efi)`分区来存放引导文件（如 grubx64.efi）

## 什么时候进行硬盘分区
1. 新硬盘安装时
2. 操作系统安装
3. 新的需求产生要求再次划分硬盘分区



## 如何查看硬盘信息
1. df命令：查看当前挂载的文件系统的磁盘使用情况
```bash
yan@ubuntu:/$ df -h
Filesystem                         Size  Used Avail Use% Mounted on
tmpfs                              391M  1.4M  389M   1% /run
efivarfs                           256K   87K  170K  34% /sys/firmware/efi/efivars
/dev/mapper/ubuntu--vg-ubuntu--lv   14G  5.9G  6.6G  48% /
tmpfs                              2.0G     0  2.0G   0% /dev/shm
tmpfs                              5.0M     0  5.0M   0% /run/lock
/dev/vda2                          2.0G  191M  1.6G  11% /boot
/dev/vda1                          1.1G  6.4M  1.1G   1% /boot/efi
tmpfs                              391M   12K  391M   1% /run/user/1000
```

2. lsblk命令：列出块设备信息（如硬盘、分区、LVM），只读查看拓扑结构和属性。
```bash
yan@ubuntu:/$ lsblk
NAME                      MAJ:MIN RM  SIZE RO TYPE MOUNTPOINTS
sr0                        11:0    1 1024M  0 rom  
vda                       253:0    0   30G  0 disk 
├─vda1                    253:1    0    1G  0 part /boot/efi
├─vda2                    253:2    0    2G  0 part /boot
└─vda3                    253:3    0 26.9G  0 part 
  └─ubuntu--vg-ubuntu--lv 252:0    0 13.5G  0 lvm  /
```

3. 使用`cat /proc/partitions` 命令，直接读取内核信息，显示所有已知的分区
```bash
yan@ubuntu:/dev$ cat /proc/partitions
major minor  #blocks  name
253        0   31457280 vda
253        1    1100800 vda1
253        2    2097152 vda2
253        3   28257280 vda3
252        0   14127104 dm-0
11         0    1048575 sr0
```

4. fdisk命令：主要用来对硬盘进行分区，当然也可以查看硬盘分区信息
```bash
yan@ubuntu:/dev$ sudo fdisk -l
[sudo] password for yan: 
Disk /dev/vda: 30 GiB, 32212254720 bytes, 62914560 sectors
Units: sectors of 1 * 512 = 512 bytes
Sector size (logical/physical): 512 bytes / 512 bytes
I/O size (minimum/optimal): 512 bytes / 512 bytes
Disklabel type: gpt
Disk identifier: D35CBF69-2FE6-4ADF-AC74-896999561BF3
Device       Start      End  Sectors  Size Type
/dev/vda1     2048  2203647  2201600    1G EFI System
/dev/vda2  2203648  6397951  4194304    2G Linux filesystem
/dev/vda3  6397952 62912511 56514560 26.9G Linux filesystem
Disk /dev/mapper/ubuntu--vg-ubuntu--lv: 13.47 GiB, 14466154496 bytes, 28254208 sectors
Units: sectors of 1 * 512 = 512 bytes
Sector size (logical/physical): 512 bytes / 512 bytes
I/O size (minimum/optimal): 512 bytes / 512 bytes
```


## 逻辑卷
### 什么是逻辑卷
> Linux 系统的一种动态磁盘管理技术，它将物理硬盘抽象为灵活的“逻辑存储单元”，解决传统分区容量固定、难以调整的问题。

> LVM 的本质是 “存储虚拟化”，它通过抽象层（PV→VG→LV）将物理硬盘转化为可动态管理的逻辑资源，解决了传统分区僵硬、扩容困难的核心痛点。


### 为什么需要逻辑卷
1. 灵活的分区管理：使用`LVM`可以在不重新分区硬盘的情况下，动态地调整逻辑卷的大小。如果未来系统的存储需求发生变化，例如需要增加某个分区的空间，可以方便地从卷组的空闲空间中分配给相应的逻辑卷，而不需要像传统分区那样重新调整分区大小，甚至可能导致数据丢失。
2. 高效的存储利用：`LVM`允许将多个物理硬盘或分区的空间整合到一个卷组中，然后根据需要在卷组中灵活地创建和调整逻辑卷的大小，避免了传统分区方式下可能出现的磁盘空间浪费问题。例如，当某些分区的空间使用率较低，而其他分区空间不足时，可以通过 LVM将空闲空间从使用率低的分区转移到需要空间的分区。
3. 方便的系统管理：`LVM`提供了一组统一的管理工具和命令，使得管理员可以更方便地对存储设备进行管理。例如，可以通过简单的命令创建、删除、扩展或缩小逻辑卷，而不需要了解底层物理硬盘和分区的详细情况，降低了管理的复杂性。
4. 支持高级功能：`LVM`还支持一些高级功能，如快照、镜像和条带化等。快照功能可以在某个时间点为逻辑卷创建一个只读的副本，用于数据备份、恢复或测试等目的；镜像功能可以将数据同时复制到多个物理设备上，提高数据的可靠性和可用性；条带化功能则可以将数据分布在多个物理设备上，提高数据的读写性能。

### 如何创建逻辑卷
1. **硬盘分区**: 硬盘需要进行分区，分区是将硬盘划分成不同的区域，以便于系统进行管理和使用。通过分区工具（如 fdisk）将 30G 的硬盘划分成若干个分区，这些分区可以被 LVM 利用。
```bash 
yan@ubuntu:/$ sudo fdisk /dev/vda
[sudo] password for yan: 
Welcome to fdisk (util-linux 2.39.3).
Changes will remain in memory only, until you decide to write them.
Be careful before using the write command.
This disk is currently in use - repartitioning is probably a bad idea.
It's recommended to umount all file systems, and swapoff all swap
partitions on this disk.
```

2. **物理卷创建**: LVM将这些硬盘分区转化为物理卷（PV），使用 pvcreate 命令可以将分区初始化为物理卷，使其能够被 LVM 系统识别和管理。
```bash
# 将两块硬盘分区初始化为PV
pvcreate /dev/sda1 /dev/sdb1  
```
3. **卷组创建**:  将一个或多个物理卷组合在一起形成卷组（VG）。卷组可以看作是一个逻辑上的大硬盘，它是一个存储资源池，为创建逻辑卷提供了空间。
```bash
# 合并PV为卷组vg01
sudo vgcreate vg01 /dev/sda1 /dev/sdb1  
# 将新物理卷添加到卷组
sudo vgextend ubuntu-vg /dev/vdb
```
4. **逻辑卷创建**: 在卷组的基础上，通过 lvcreate 命令创建逻辑卷（LV）。逻辑卷是最终供系统使用的存储单元，它可以像普通的硬盘分区一样进行格式化、挂载等操作。
```bash
lvcreate -L 10G -n lv_home vg01  # 从vg01创建10G的逻辑卷
mkfs.ext4 /dev/vg01/lv_home      # 格式化
mount /dev/vg01/lv_home /home    # 挂载使用
```
5. **查看逻辑卷信息**: 
```bash
# 查看卷组信息
yan@ubuntu:/etc$ sudo vgs
[sudo] password for yan: 
  VG        #PV #LV #SN Attr   VSize   VFree 
  ubuntu-vg   1   1   0 wz--n- <26.95g 13.47g
# 查看有哪些逻辑卷
yan@ubuntu:/$ ls -l /dev/mapper/
total 0
crw------- 1 root root 10, 236 May 12 13:49 control
lrwxrwxrwx 1 root root       7 May 12 13:49 ubuntu--vg-ubuntu--lv -> ../dm-0
# 查看所有逻辑卷的详细信息
yan@ubuntu:/$ sudo lvdisplay
  --- Logical volume ---
  LV Path                /dev/ubuntu-vg/ubuntu-lv
  LV Name                ubuntu-lv
  VG Name                ubuntu-vg
  LV UUID                1qHntI-mCaj-rFLE-cde8-1bFn-8ntk-zZh3gB
  LV Write Access        read/write
  LV Creation host, time ubuntu-server, 2025-05-03 08:13:46 +0000
  LV Status              available
  # open                 1
  LV Size                13.47 GiB
  Current LE             3449
  Segments               1
  Allocation             inherit
  Read ahead sectors     auto
  - currently set to     256
  Block device           252:0
```


## 挂载临时文件系统tmpfs

**tmpfs临时文件系统的定义**
> Linux 中的一种 临时文件系统，它将文件存储在 内存（RAM）而非磁盘上，旨在提供高速临时存储。
> 它通过牺牲持久性换取性能，是Linux高效设计的关键部分。

**tmpfs临时文件系统的特点**
* 存储位置：内存`RAM`+可选的`Swap`交换空间,不依赖硬盘分区
* 速度：极快（内存读写速度远高于磁盘）
* 持久性：不持久，系统重启后数据丢失
* 用途：临时数据存储、缓存、编译等
* 无需预先格式化：`tmpfs`无需`mkfs`格式化，由内核自动管理


**tmpfs临时文件系统的应用场景**
* 浏览器缓存
将 ~/.cache 挂载为`tmpfs`加速网页加载（需脚本每次开机重建目录）
* 数据库临时表
MySQL的tmpdir可指向`tmpfs`提升查询速度
* Docker容器
某些容器的/tmp默认使用`tmpfs`


**为什么需要tmpfs临时文件系统**
1. 性能优化  
把高频访问的临时文件（如 systemd 的日志）放在内存中，减少磁盘 I/O 延迟
2. 减少磁盘磨损
避免频繁写入小文件（如锁文件）到 SSD，延长磁盘寿命
3. 隔离性
`/run`和`/dev/shm`等目录需要保证进程间隔离，内存存储更安全


**查看系统的tmpfs临时文件系统**
```bash
yan@ubuntu:/etc$ mount | grep tmpfs
udev on /dev type devtmpfs (rw,nosuid,relatime,size=1941212k,nr_inodes=485303,mode=755,inode64)
tmpfs on /run type tmpfs (rw,nosuid,nodev,noexec,relatime,size=399624k,mode=755,inode64)
tmpfs on /dev/shm type tmpfs (rw,nosuid,nodev,inode64)
tmpfs on /run/lock type tmpfs (rw,nosuid,nodev,noexec,relatime,size=5120k,inode64)
tmpfs on /run/user/1000 type tmpfs (rw,nosuid,nodev,relatime,size=399620k,nr_inodes=99905,mode=700,uid=1000,gid=1
```
**如何挂载tmpfs临时文件系统**
```bash
sudo mount -t tmpfs -o size=512M tmpfs /mnt/mytmpfs
# -t tmpfs：指定文件系统类型为 tmpfs
# -o size=512M：限制该 tmpfs 最大占用 512MB 内存（默认不限制）
# tmpfs：虚拟设备名（固定写法，无实际设备路径）
# /mnt/mytmpfs：挂载点目录（需事先创建）
```


